C51 COMPILER V9.60.0.0   BUTTON                                                            04/16/2021 16:57:24 PAGE 1   


C51 COMPILER V9.60.0.0, COMPILATION OF MODULE BUTTON
OBJECT MODULE PLACED IN .\Objects\button.obj
COMPILER INVOKED BY: C:\Keil_v5\C51\BIN\C51.EXE button.c OMF2 OPTIMIZE(8,SPEED) BROWSE DEBUG PRINT(.\Listings\button.lst
                    -) TABS(2) OBJECT(.\Objects\button.obj)

line level    source

   1          #include "var.h"
   2          u8 button_check[4] = {1, 1, 1, 1};
   3          u8 button_count[4] = {0, 0, 0, 0};
   4          u8 button_flag[4] = {0, 0, 0, 0};
   5          u8 button_state[4] = {1, 1, 1, 1};
   6          
   7          void check_button()
   8          {
   9   1        u8 i;
  10   1        if(P30 == 0){
  11   2          button_check[S7] = 0;
  12   2        } else {
  13   2          button_check[S7] = 1;
  14   2        }
  15   1        if(P31 == 0){
  16   2          button_check[S6] = 0;
  17   2        } else {
  18   2          button_check[S6] = 1;
  19   2        }
  20   1        if(P32 == 0){
  21   2          button_check[S5] = 0;
  22   2        } else {
  23   2          button_check[S5] = 1;
  24   2        }
  25   1        if(P33 == 0){
  26   2          button_check[S4] = 0;
  27   2        } else {
  28   2          button_check[S4] = 1;
  29   2        }
  30   1      
  31   1        
  32   1        for(i = 0;i < 4; i++){
  33   2          if(button_check[i] != button_state[i]){
  34   3            button_count[i]++;
  35   3          } else {
  36   3            button_count[i] = 0;
  37   3          }
  38   2        }
  39   1        
  40   1        for(i = 0; i < 4; i++){
  41   2          if(button_count[i] >= 5 && button_check[i] != button_state[i]){
  42   3            button_state[i] = 1 - button_state[i];
  43   3            if(button_state[i] == 0){
  44   4              button_flag[i] = 1;
  45   4              show_num = 152;
  46   4            }
  47   3          }
  48   2        }
  49   1        
  50   1      }
  51          
  52          void respond_to_button()
  53          {
  54   1        if(button_flag[S4] == 1){
C51 COMPILER V9.60.0.0   BUTTON                                                            04/16/2021 16:57:24 PAGE 2   

  55   2          button_flag[S4] = 0;
  56   2          show_state = 3 - show_state;
  57   2          show_num = 5;
  58   2        }
  59   1        if(button_flag[S5] == 1){
  60   2          button_flag[S5] = 0;
  61   2          dac_mode = 3 - dac_mode;
  62   2          show_num = 6;
  63   2        }
  64   1        if(button_flag[S6] == 1){
  65   2          button_flag[S6] = 0;
  66   2          led_state = 1 - led_state;
  67   2          show_num = 7;
  68   2        }
  69   1        if(button_flag[S7] == 1){
  70   2          button_flag[S7] = 0;
  71   2          digital_tube_state = 1 - digital_tube_state;
  72   2          show_num = 8;
  73   2        }
  74   1      }


MODULE INFORMATION:   STATIC OVERLAYABLE
   CODE SIZE        =    226    ----
   CONSTANT SIZE    =   ----    ----
   XDATA SIZE       =   ----    ----
   PDATA SIZE       =   ----    ----
   DATA SIZE        =     16    ----
   IDATA SIZE       =   ----    ----
   BIT SIZE         =   ----    ----
   EDATA SIZE       =   ----    ----
   HDATA SIZE       =   ----    ----
   XDATA CONST SIZE =   ----    ----
   FAR CONST SIZE   =   ----    ----
END OF MODULE INFORMATION.


C51 COMPILATION COMPLETE.  0 WARNING(S),  0 ERROR(S)
